// Jest Snapshot v1, https://goo.gl/fbAQLP

exports[`Logo Header It displays the Logo Header correctly 1`] = `
<View
  style={
    Object {
      "backgroundColor": "#3B5998",
      "borderBottomColor": "black",
      "borderBottomWidth": 1,
      "height": 40,
      "marginTop": 30,
    }
  }
>
  <View
    style={
      Object {
        "backgroundColor": "#3B5998",
        "flexDirection": "row",
        "justifyContent": "center",
        "marginTop": 10,
      }
    }
  >
    <Text
      allowFontScaling={false}
      style={
        Array [
          Object {
            "color": "#ffffff",
            "fontSize": 20,
          },
          undefined,
          Object {
            "fontFamily": "FontAwesome",
            "fontStyle": "normal",
            "fontWeight": "normal",
          },
          Object {},
        ]
      }
    >
      ï‡ª
    </Text>
    <Text
      style={
        Object {
          "color": "#ffffff",
          "fontSize": 14,
          "fontWeight": "bold",
          "paddingLeft": 20,
          "textAlign": "center",
        }
      }
    >
      The Herald
    </Text>
  </View>
</View>
`;
